// Jest Snapshot v1, https://goo.gl/fbAQLP

exports[`should render ExpenseListItem with fixture data 1`] = `ShallowWrapper {}`;
