// Jest Snapshot v1, https://goo.gl/fbAQLP

exports[`Should render ExpenseForm correctly 1`] = `ShallowWrapper {}`;

exports[`Should render ExpenseForm correctly with expense data 1`] = `ShallowWrapper {}`;
